------------------------------------------------------------
TimeQuest Timing Analyzer Summary
------------------------------------------------------------

Type  : Slow 1100mV 85C Model Setup 'game_clk'
Slack : -10.987
TNS   : -8688.062

Type  : Slow 1100mV 85C Model Setup 'rst'
Slack : -6.543
TNS   : -1663.817

Type  : Slow 1100mV 85C Model Setup 'clk'
Slack : -4.903
TNS   : -113.915

Type  : Slow 1100mV 85C Model Setup 'pixel_clk~reg0'
Slack : -4.755
TNS   : -66.619

Type  : Slow 1100mV 85C Model Setup 'Hsync~reg0'
Slack : -4.295
TNS   : -67.311

Type  : Slow 1100mV 85C Model Hold 'game_clk'
Slack : 0.439
TNS   : 0.000

Type  : Slow 1100mV 85C Model Hold 'Hsync~reg0'
Slack : 0.585
TNS   : 0.000

Type  : Slow 1100mV 85C Model Hold 'pixel_clk~reg0'
Slack : 0.605
TNS   : 0.000

Type  : Slow 1100mV 85C Model Hold 'clk'
Slack : 0.662
TNS   : 0.000

Type  : Slow 1100mV 85C Model Hold 'rst'
Slack : 0.699
TNS   : 0.000

Type  : Slow 1100mV 85C Model Recovery 'game_clk'
Slack : -1.897
TNS   : -832.055

Type  : Slow 1100mV 85C Model Recovery 'pixel_clk~reg0'
Slack : -1.500
TNS   : -14.713

Type  : Slow 1100mV 85C Model Recovery 'Hsync~reg0'
Slack : -1.325
TNS   : -11.903

Type  : Slow 1100mV 85C Model Removal 'pixel_clk~reg0'
Slack : 0.461
TNS   : 0.000

Type  : Slow 1100mV 85C Model Removal 'Hsync~reg0'
Slack : 0.629
TNS   : 0.000

Type  : Slow 1100mV 85C Model Removal 'game_clk'
Slack : 0.644
TNS   : 0.000

Type  : Slow 1100mV 85C Model Minimum Pulse Width 'game_clk'
Slack : -0.603
TNS   : -1102.178

Type  : Slow 1100mV 85C Model Minimum Pulse Width 'clk'
Slack : -0.538
TNS   : -19.636

Type  : Slow 1100mV 85C Model Minimum Pulse Width 'Hsync~reg0'
Slack : -0.538
TNS   : -17.583

Type  : Slow 1100mV 85C Model Minimum Pulse Width 'pixel_clk~reg0'
Slack : -0.538
TNS   : -17.030

Type  : Slow 1100mV 85C Model Minimum Pulse Width 'rst'
Slack : 0.073
TNS   : 0.000

Type  : Slow 1100mV 0C Model Setup 'game_clk'
Slack : -11.145
TNS   : -8655.878

Type  : Slow 1100mV 0C Model Setup 'rst'
Slack : -6.459
TNS   : -1622.229

Type  : Slow 1100mV 0C Model Setup 'clk'
Slack : -4.992
TNS   : -116.314

Type  : Slow 1100mV 0C Model Setup 'pixel_clk~reg0'
Slack : -4.975
TNS   : -69.502

Type  : Slow 1100mV 0C Model Setup 'Hsync~reg0'
Slack : -4.497
TNS   : -69.367

Type  : Slow 1100mV 0C Model Hold 'game_clk'
Slack : 0.445
TNS   : 0.000

Type  : Slow 1100mV 0C Model Hold 'rst'
Slack : 0.477
TNS   : 0.000

Type  : Slow 1100mV 0C Model Hold 'Hsync~reg0'
Slack : 0.572
TNS   : 0.000

Type  : Slow 1100mV 0C Model Hold 'pixel_clk~reg0'
Slack : 0.595
TNS   : 0.000

Type  : Slow 1100mV 0C Model Hold 'clk'
Slack : 0.624
TNS   : 0.000

Type  : Slow 1100mV 0C Model Recovery 'game_clk'
Slack : -1.964
TNS   : -897.799

Type  : Slow 1100mV 0C Model Recovery 'pixel_clk~reg0'
Slack : -1.476
TNS   : -14.465

Type  : Slow 1100mV 0C Model Recovery 'Hsync~reg0'
Slack : -1.299
TNS   : -11.663

Type  : Slow 1100mV 0C Model Removal 'pixel_clk~reg0'
Slack : 0.468
TNS   : 0.000

Type  : Slow 1100mV 0C Model Removal 'Hsync~reg0'
Slack : 0.660
TNS   : 0.000

Type  : Slow 1100mV 0C Model Removal 'game_clk'
Slack : 0.912
TNS   : 0.000

Type  : Slow 1100mV 0C Model Minimum Pulse Width 'game_clk'
Slack : -0.582
TNS   : -1083.756

Type  : Slow 1100mV 0C Model Minimum Pulse Width 'clk'
Slack : -0.538
TNS   : -20.716

Type  : Slow 1100mV 0C Model Minimum Pulse Width 'Hsync~reg0'
Slack : -0.538
TNS   : -17.430

Type  : Slow 1100mV 0C Model Minimum Pulse Width 'pixel_clk~reg0'
Slack : -0.538
TNS   : -16.986

Type  : Slow 1100mV 0C Model Minimum Pulse Width 'rst'
Slack : 0.037
TNS   : 0.000

Type  : Fast 1100mV 85C Model Setup 'game_clk'
Slack : -5.204
TNS   : -4101.799

Type  : Fast 1100mV 85C Model Setup 'rst'
Slack : -3.323
TNS   : -805.267

Type  : Fast 1100mV 85C Model Setup 'clk'
Slack : -2.022
TNS   : -42.309

Type  : Fast 1100mV 85C Model Setup 'pixel_clk~reg0'
Slack : -1.933
TNS   : -24.026

Type  : Fast 1100mV 85C Model Setup 'Hsync~reg0'
Slack : -1.526
TNS   : -22.493

Type  : Fast 1100mV 85C Model Hold 'game_clk'
Slack : 0.011
TNS   : 0.000

Type  : Fast 1100mV 85C Model Hold 'pixel_clk~reg0'
Slack : 0.132
TNS   : 0.000

Type  : Fast 1100mV 85C Model Hold 'rst'
Slack : 0.203
TNS   : 0.000

Type  : Fast 1100mV 85C Model Hold 'Hsync~reg0'
Slack : 0.255
TNS   : 0.000

Type  : Fast 1100mV 85C Model Hold 'clk'
Slack : 0.306
TNS   : 0.000

Type  : Fast 1100mV 85C Model Recovery 'game_clk'
Slack : -1.221
TNS   : -578.552

Type  : Fast 1100mV 85C Model Recovery 'pixel_clk~reg0'
Slack : -0.889
TNS   : -8.672

Type  : Fast 1100mV 85C Model Recovery 'Hsync~reg0'
Slack : -0.638
TNS   : -5.736

Type  : Fast 1100mV 85C Model Removal 'pixel_clk~reg0'
Slack : 0.044
TNS   : 0.000

Type  : Fast 1100mV 85C Model Removal 'game_clk'
Slack : 0.293
TNS   : 0.000

Type  : Fast 1100mV 85C Model Removal 'Hsync~reg0'
Slack : 0.405
TNS   : 0.000

Type  : Fast 1100mV 85C Model Minimum Pulse Width 'clk'
Slack : -0.492
TNS   : -3.037

Type  : Fast 1100mV 85C Model Minimum Pulse Width 'game_clk'
Slack : -0.211
TNS   : -95.801

Type  : Fast 1100mV 85C Model Minimum Pulse Width 'rst'
Slack : -0.158
TNS   : -31.659

Type  : Fast 1100mV 85C Model Minimum Pulse Width 'Hsync~reg0'
Slack : -0.006
TNS   : -0.044

Type  : Fast 1100mV 85C Model Minimum Pulse Width 'pixel_clk~reg0'
Slack : 0.117
TNS   : 0.000

Type  : Fast 1100mV 0C Model Setup 'game_clk'
Slack : -4.717
TNS   : -3667.535

Type  : Fast 1100mV 0C Model Setup 'rst'
Slack : -2.843
TNS   : -682.387

Type  : Fast 1100mV 0C Model Setup 'clk'
Slack : -1.800
TNS   : -37.948

Type  : Fast 1100mV 0C Model Setup 'pixel_clk~reg0'
Slack : -1.790
TNS   : -21.858

Type  : Fast 1100mV 0C Model Setup 'Hsync~reg0'
Slack : -1.422
TNS   : -20.595

Type  : Fast 1100mV 0C Model Hold 'game_clk'
Slack : 0.089
TNS   : 0.000

Type  : Fast 1100mV 0C Model Hold 'rst'
Slack : 0.103
TNS   : 0.000

Type  : Fast 1100mV 0C Model Hold 'pixel_clk~reg0'
Slack : 0.105
TNS   : 0.000

Type  : Fast 1100mV 0C Model Hold 'Hsync~reg0'
Slack : 0.224
TNS   : 0.000

Type  : Fast 1100mV 0C Model Hold 'clk'
Slack : 0.278
TNS   : 0.000

Type  : Fast 1100mV 0C Model Recovery 'game_clk'
Slack : -1.278
TNS   : -623.489

Type  : Fast 1100mV 0C Model Recovery 'pixel_clk~reg0'
Slack : -0.778
TNS   : -7.599

Type  : Fast 1100mV 0C Model Recovery 'Hsync~reg0'
Slack : -0.569
TNS   : -5.111

Type  : Fast 1100mV 0C Model Removal 'pixel_clk~reg0'
Slack : 0.006
TNS   : 0.000

Type  : Fast 1100mV 0C Model Removal 'Hsync~reg0'
Slack : 0.375
TNS   : 0.000

Type  : Fast 1100mV 0C Model Removal 'game_clk'
Slack : 0.404
TNS   : 0.000

Type  : Fast 1100mV 0C Model Minimum Pulse Width 'clk'
Slack : -0.454
TNS   : -3.021

Type  : Fast 1100mV 0C Model Minimum Pulse Width 'rst'
Slack : -0.150
TNS   : -29.808

Type  : Fast 1100mV 0C Model Minimum Pulse Width 'game_clk'
Slack : -0.139
TNS   : -45.744

Type  : Fast 1100mV 0C Model Minimum Pulse Width 'Hsync~reg0'
Slack : 0.023
TNS   : 0.000

Type  : Fast 1100mV 0C Model Minimum Pulse Width 'pixel_clk~reg0'
Slack : 0.129
TNS   : 0.000

------------------------------------------------------------
