------------------------------------------------------------
TimeQuest Timing Analyzer Summary
------------------------------------------------------------

Type  : Slow 1100mV 85C Model Setup 'game_clk'
Slack : -16.446
TNS   : -15791.657

Type  : Slow 1100mV 85C Model Setup 'pixel_clk~reg0'
Slack : -5.472
TNS   : -80.825

Type  : Slow 1100mV 85C Model Setup 'clk'
Slack : -5.012
TNS   : -125.550

Type  : Slow 1100mV 85C Model Setup 'Hsync~reg0'
Slack : -4.076
TNS   : -65.709

Type  : Slow 1100mV 85C Model Hold 'game_clk'
Slack : 0.345
TNS   : 0.000

Type  : Slow 1100mV 85C Model Hold 'pixel_clk~reg0'
Slack : 0.448
TNS   : 0.000

Type  : Slow 1100mV 85C Model Hold 'clk'
Slack : 0.525
TNS   : 0.000

Type  : Slow 1100mV 85C Model Hold 'Hsync~reg0'
Slack : 0.880
TNS   : 0.000

Type  : Slow 1100mV 85C Model Recovery 'Hsync~reg0'
Slack : -1.664
TNS   : -14.945

Type  : Slow 1100mV 85C Model Recovery 'pixel_clk~reg0'
Slack : -1.627
TNS   : -18.445

Type  : Slow 1100mV 85C Model Removal 'pixel_clk~reg0'
Slack : 0.453
TNS   : 0.000

Type  : Slow 1100mV 85C Model Removal 'Hsync~reg0'
Slack : 0.931
TNS   : 0.000

Type  : Slow 1100mV 85C Model Minimum Pulse Width 'game_clk'
Slack : -0.626
TNS   : -1295.754

Type  : Slow 1100mV 85C Model Minimum Pulse Width 'clk'
Slack : -0.538
TNS   : -21.175

Type  : Slow 1100mV 85C Model Minimum Pulse Width 'pixel_clk~reg0'
Slack : -0.538
TNS   : -19.539

Type  : Slow 1100mV 85C Model Minimum Pulse Width 'Hsync~reg0'
Slack : -0.538
TNS   : -18.782

Type  : Slow 1100mV 0C Model Setup 'game_clk'
Slack : -16.283
TNS   : -15788.933

Type  : Slow 1100mV 0C Model Setup 'pixel_clk~reg0'
Slack : -5.584
TNS   : -83.630

Type  : Slow 1100mV 0C Model Setup 'clk'
Slack : -5.074
TNS   : -127.833

Type  : Slow 1100mV 0C Model Setup 'Hsync~reg0'
Slack : -4.099
TNS   : -67.472

Type  : Slow 1100mV 0C Model Hold 'game_clk'
Slack : 0.357
TNS   : 0.000

Type  : Slow 1100mV 0C Model Hold 'pixel_clk~reg0'
Slack : 0.518
TNS   : 0.000

Type  : Slow 1100mV 0C Model Hold 'clk'
Slack : 0.531
TNS   : 0.000

Type  : Slow 1100mV 0C Model Hold 'Hsync~reg0'
Slack : 0.892
TNS   : 0.000

Type  : Slow 1100mV 0C Model Recovery 'pixel_clk~reg0'
Slack : -1.602
TNS   : -18.277

Type  : Slow 1100mV 0C Model Recovery 'Hsync~reg0'
Slack : -1.596
TNS   : -14.337

Type  : Slow 1100mV 0C Model Removal 'pixel_clk~reg0'
Slack : 0.442
TNS   : 0.000

Type  : Slow 1100mV 0C Model Removal 'Hsync~reg0'
Slack : 0.938
TNS   : 0.000

Type  : Slow 1100mV 0C Model Minimum Pulse Width 'game_clk'
Slack : -0.598
TNS   : -1264.428

Type  : Slow 1100mV 0C Model Minimum Pulse Width 'clk'
Slack : -0.538
TNS   : -22.121

Type  : Slow 1100mV 0C Model Minimum Pulse Width 'pixel_clk~reg0'
Slack : -0.538
TNS   : -19.205

Type  : Slow 1100mV 0C Model Minimum Pulse Width 'Hsync~reg0'
Slack : -0.538
TNS   : -18.267

Type  : Fast 1100mV 85C Model Setup 'game_clk'
Slack : -8.364
TNS   : -7866.106

Type  : Fast 1100mV 85C Model Setup 'pixel_clk~reg0'
Slack : -2.415
TNS   : -30.095

Type  : Fast 1100mV 85C Model Setup 'clk'
Slack : -1.951
TNS   : -48.398

Type  : Fast 1100mV 85C Model Setup 'Hsync~reg0'
Slack : -1.469
TNS   : -22.429

Type  : Fast 1100mV 85C Model Hold 'pixel_clk~reg0'
Slack : 0.032
TNS   : 0.000

Type  : Fast 1100mV 85C Model Hold 'game_clk'
Slack : 0.102
TNS   : 0.000

Type  : Fast 1100mV 85C Model Hold 'clk'
Slack : 0.247
TNS   : 0.000

Type  : Fast 1100mV 85C Model Hold 'Hsync~reg0'
Slack : 0.416
TNS   : 0.000

Type  : Fast 1100mV 85C Model Recovery 'pixel_clk~reg0'
Slack : -0.871
TNS   : -10.089

Type  : Fast 1100mV 85C Model Recovery 'Hsync~reg0'
Slack : -0.831
TNS   : -7.467

Type  : Fast 1100mV 85C Model Removal 'pixel_clk~reg0'
Slack : 0.041
TNS   : 0.000

Type  : Fast 1100mV 85C Model Removal 'Hsync~reg0'
Slack : 0.594
TNS   : 0.000

Type  : Fast 1100mV 85C Model Minimum Pulse Width 'clk'
Slack : -0.410
TNS   : -3.136

Type  : Fast 1100mV 85C Model Minimum Pulse Width 'game_clk'
Slack : -0.253
TNS   : -104.130

Type  : Fast 1100mV 85C Model Minimum Pulse Width 'Hsync~reg0'
Slack : -0.065
TNS   : -0.803

Type  : Fast 1100mV 85C Model Minimum Pulse Width 'pixel_clk~reg0'
Slack : 0.002
TNS   : 0.000

Type  : Fast 1100mV 0C Model Setup 'game_clk'
Slack : -7.453
TNS   : -7024.744

Type  : Fast 1100mV 0C Model Setup 'pixel_clk~reg0'
Slack : -2.209
TNS   : -27.250

Type  : Fast 1100mV 0C Model Setup 'clk'
Slack : -1.819
TNS   : -43.286

Type  : Fast 1100mV 0C Model Setup 'Hsync~reg0'
Slack : -1.313
TNS   : -20.159

Type  : Fast 1100mV 0C Model Hold 'pixel_clk~reg0'
Slack : 0.018
TNS   : 0.000

Type  : Fast 1100mV 0C Model Hold 'game_clk'
Slack : 0.088
TNS   : 0.000

Type  : Fast 1100mV 0C Model Hold 'clk'
Slack : 0.234
TNS   : 0.000

Type  : Fast 1100mV 0C Model Hold 'Hsync~reg0'
Slack : 0.376
TNS   : 0.000

Type  : Fast 1100mV 0C Model Recovery 'pixel_clk~reg0'
Slack : -0.747
TNS   : -8.648

Type  : Fast 1100mV 0C Model Recovery 'Hsync~reg0'
Slack : -0.722
TNS   : -6.491

Type  : Fast 1100mV 0C Model Removal 'pixel_clk~reg0'
Slack : -0.028
TNS   : -0.134

Type  : Fast 1100mV 0C Model Removal 'Hsync~reg0'
Slack : 0.533
TNS   : 0.000

Type  : Fast 1100mV 0C Model Minimum Pulse Width 'clk'
Slack : -0.400
TNS   : -3.174

Type  : Fast 1100mV 0C Model Minimum Pulse Width 'game_clk'
Slack : -0.154
TNS   : -43.883

Type  : Fast 1100mV 0C Model Minimum Pulse Width 'Hsync~reg0'
Slack : -0.003
TNS   : -0.027

Type  : Fast 1100mV 0C Model Minimum Pulse Width 'pixel_clk~reg0'
Slack : 0.047
TNS   : 0.000

------------------------------------------------------------
