------------------------------------------------------------
TimeQuest Timing Analyzer Summary
------------------------------------------------------------

Type  : Slow 1100mV 85C Model Setup 'game_clk'
Slack : -47.398
TNS   : -39533.794

Type  : Slow 1100mV 85C Model Setup 'pixel_clk~reg0'
Slack : -5.018
TNS   : -68.270

Type  : Slow 1100mV 85C Model Setup 'clk'
Slack : -4.924
TNS   : -118.346

Type  : Slow 1100mV 85C Model Setup 'Hsync~reg0'
Slack : -4.470
TNS   : -79.702

Type  : Slow 1100mV 85C Model Hold 'game_clk'
Slack : 0.470
TNS   : 0.000

Type  : Slow 1100mV 85C Model Hold 'Hsync~reg0'
Slack : 0.662
TNS   : 0.000

Type  : Slow 1100mV 85C Model Hold 'clk'
Slack : 0.667
TNS   : 0.000

Type  : Slow 1100mV 85C Model Hold 'pixel_clk~reg0'
Slack : 0.681
TNS   : 0.000

Type  : Slow 1100mV 85C Model Recovery 'Hsync~reg0'
Slack : -1.666
TNS   : -16.169

Type  : Slow 1100mV 85C Model Recovery 'pixel_clk~reg0'
Slack : -1.530
TNS   : -16.796

Type  : Slow 1100mV 85C Model Removal 'pixel_clk~reg0'
Slack : 0.571
TNS   : 0.000

Type  : Slow 1100mV 85C Model Removal 'Hsync~reg0'
Slack : 0.704
TNS   : 0.000

Type  : Slow 1100mV 85C Model Minimum Pulse Width 'game_clk'
Slack : -0.696
TNS   : -1173.919

Type  : Slow 1100mV 85C Model Minimum Pulse Width 'Hsync~reg0'
Slack : -0.538
TNS   : -21.272

Type  : Slow 1100mV 85C Model Minimum Pulse Width 'clk'
Slack : -0.538
TNS   : -20.395

Type  : Slow 1100mV 85C Model Minimum Pulse Width 'pixel_clk~reg0'
Slack : -0.538
TNS   : -18.090

Type  : Slow 1100mV 0C Model Setup 'game_clk'
Slack : -47.823
TNS   : -39908.174

Type  : Slow 1100mV 0C Model Setup 'pixel_clk~reg0'
Slack : -5.120
TNS   : -71.079

Type  : Slow 1100mV 0C Model Setup 'clk'
Slack : -4.973
TNS   : -119.928

Type  : Slow 1100mV 0C Model Setup 'Hsync~reg0'
Slack : -4.618
TNS   : -81.680

Type  : Slow 1100mV 0C Model Hold 'game_clk'
Slack : 0.453
TNS   : 0.000

Type  : Slow 1100mV 0C Model Hold 'clk'
Slack : 0.634
TNS   : 0.000

Type  : Slow 1100mV 0C Model Hold 'pixel_clk~reg0'
Slack : 0.643
TNS   : 0.000

Type  : Slow 1100mV 0C Model Hold 'Hsync~reg0'
Slack : 0.684
TNS   : 0.000

Type  : Slow 1100mV 0C Model Recovery 'Hsync~reg0'
Slack : -1.571
TNS   : -15.521

Type  : Slow 1100mV 0C Model Recovery 'pixel_clk~reg0'
Slack : -1.505
TNS   : -16.514

Type  : Slow 1100mV 0C Model Removal 'pixel_clk~reg0'
Slack : 0.571
TNS   : 0.000

Type  : Slow 1100mV 0C Model Removal 'Hsync~reg0'
Slack : 0.703
TNS   : 0.000

Type  : Slow 1100mV 0C Model Minimum Pulse Width 'game_clk'
Slack : -0.657
TNS   : -1147.289

Type  : Slow 1100mV 0C Model Minimum Pulse Width 'clk'
Slack : -0.540
TNS   : -21.305

Type  : Slow 1100mV 0C Model Minimum Pulse Width 'Hsync~reg0'
Slack : -0.538
TNS   : -21.001

Type  : Slow 1100mV 0C Model Minimum Pulse Width 'pixel_clk~reg0'
Slack : -0.538
TNS   : -17.971

Type  : Fast 1100mV 85C Model Setup 'game_clk'
Slack : -23.600
TNS   : -19855.054

Type  : Fast 1100mV 85C Model Setup 'clk'
Slack : -2.271
TNS   : -47.744

Type  : Fast 1100mV 85C Model Setup 'pixel_clk~reg0'
Slack : -2.093
TNS   : -23.519

Type  : Fast 1100mV 85C Model Setup 'Hsync~reg0'
Slack : -1.751
TNS   : -29.995

Type  : Fast 1100mV 85C Model Hold 'game_clk'
Slack : 0.155
TNS   : 0.000

Type  : Fast 1100mV 85C Model Hold 'pixel_clk~reg0'
Slack : 0.184
TNS   : 0.000

Type  : Fast 1100mV 85C Model Hold 'clk'
Slack : 0.308
TNS   : 0.000

Type  : Fast 1100mV 85C Model Hold 'Hsync~reg0'
Slack : 0.344
TNS   : 0.000

Type  : Fast 1100mV 85C Model Recovery 'pixel_clk~reg0'
Slack : -0.883
TNS   : -9.707

Type  : Fast 1100mV 85C Model Recovery 'Hsync~reg0'
Slack : -0.836
TNS   : -8.051

Type  : Fast 1100mV 85C Model Removal 'pixel_clk~reg0'
Slack : 0.096
TNS   : 0.000

Type  : Fast 1100mV 85C Model Removal 'Hsync~reg0'
Slack : 0.464
TNS   : 0.000

Type  : Fast 1100mV 85C Model Minimum Pulse Width 'clk'
Slack : -0.462
TNS   : -3.076

Type  : Fast 1100mV 85C Model Minimum Pulse Width 'game_clk'
Slack : -0.302
TNS   : -86.089

Type  : Fast 1100mV 85C Model Minimum Pulse Width 'Hsync~reg0'
Slack : -0.133
TNS   : -2.166

Type  : Fast 1100mV 85C Model Minimum Pulse Width 'pixel_clk~reg0'
Slack : 0.118
TNS   : 0.000

Type  : Fast 1100mV 0C Model Setup 'game_clk'
Slack : -21.168
TNS   : -17816.257

Type  : Fast 1100mV 0C Model Setup 'clk'
Slack : -1.936
TNS   : -41.850

Type  : Fast 1100mV 0C Model Setup 'pixel_clk~reg0'
Slack : -1.894
TNS   : -21.550

Type  : Fast 1100mV 0C Model Setup 'Hsync~reg0'
Slack : -1.592
TNS   : -26.875

Type  : Fast 1100mV 0C Model Hold 'game_clk'
Slack : 0.130
TNS   : 0.000

Type  : Fast 1100mV 0C Model Hold 'pixel_clk~reg0'
Slack : 0.154
TNS   : 0.000

Type  : Fast 1100mV 0C Model Hold 'clk'
Slack : 0.277
TNS   : 0.000

Type  : Fast 1100mV 0C Model Hold 'Hsync~reg0'
Slack : 0.318
TNS   : 0.000

Type  : Fast 1100mV 0C Model Recovery 'pixel_clk~reg0'
Slack : -0.780
TNS   : -8.569

Type  : Fast 1100mV 0C Model Recovery 'Hsync~reg0'
Slack : -0.731
TNS   : -7.043

Type  : Fast 1100mV 0C Model Removal 'pixel_clk~reg0'
Slack : 0.057
TNS   : 0.000

Type  : Fast 1100mV 0C Model Removal 'Hsync~reg0'
Slack : 0.412
TNS   : 0.000

Type  : Fast 1100mV 0C Model Minimum Pulse Width 'clk'
Slack : -0.462
TNS   : -3.176

Type  : Fast 1100mV 0C Model Minimum Pulse Width 'game_clk'
Slack : -0.187
TNS   : -36.343

Type  : Fast 1100mV 0C Model Minimum Pulse Width 'Hsync~reg0'
Slack : -0.068
TNS   : -0.916

Type  : Fast 1100mV 0C Model Minimum Pulse Width 'pixel_clk~reg0'
Slack : 0.129
TNS   : 0.000

------------------------------------------------------------
