------------------------------------------------------------
TimeQuest Timing Analyzer Summary
------------------------------------------------------------

Type  : Slow 1100mV 85C Model Setup 'pixel_clk~reg0'
Slack : -4.575
TNS   : -55.108

Type  : Slow 1100mV 85C Model Setup 'Hsync~reg0'
Slack : -4.089
TNS   : -56.559

Type  : Slow 1100mV 85C Model Setup 'clk'
Slack : -0.028
TNS   : -0.028

Type  : Slow 1100mV 85C Model Hold 'clk'
Slack : -1.745
TNS   : -1.745

Type  : Slow 1100mV 85C Model Hold 'pixel_clk~reg0'
Slack : -0.416
TNS   : -0.416

Type  : Slow 1100mV 85C Model Hold 'Hsync~reg0'
Slack : 0.562
TNS   : 0.000

Type  : Slow 1100mV 85C Model Recovery 'Hsync~reg0'
Slack : -1.166
TNS   : -6.986

Type  : Slow 1100mV 85C Model Recovery 'pixel_clk~reg0'
Slack : -0.248
TNS   : -1.453

Type  : Slow 1100mV 85C Model Removal 'pixel_clk~reg0'
Slack : -0.321
TNS   : -1.844

Type  : Slow 1100mV 85C Model Removal 'Hsync~reg0'
Slack : 0.504
TNS   : 0.000

Type  : Slow 1100mV 85C Model Minimum Pulse Width 'clk'
Slack : -0.610
TNS   : -1.148

Type  : Slow 1100mV 85C Model Minimum Pulse Width 'Hsync~reg0'
Slack : -0.538
TNS   : -14.346

Type  : Slow 1100mV 85C Model Minimum Pulse Width 'pixel_clk~reg0'
Slack : -0.538
TNS   : -14.102

Type  : Slow 1100mV 0C Model Setup 'pixel_clk~reg0'
Slack : -4.772
TNS   : -57.369

Type  : Slow 1100mV 0C Model Setup 'Hsync~reg0'
Slack : -4.151
TNS   : -57.590

Type  : Slow 1100mV 0C Model Setup 'clk'
Slack : -0.282
TNS   : -0.282

Type  : Slow 1100mV 0C Model Hold 'clk'
Slack : -1.530
TNS   : -1.530

Type  : Slow 1100mV 0C Model Hold 'pixel_clk~reg0'
Slack : -0.332
TNS   : -0.332

Type  : Slow 1100mV 0C Model Hold 'Hsync~reg0'
Slack : 0.595
TNS   : 0.000

Type  : Slow 1100mV 0C Model Recovery 'Hsync~reg0'
Slack : -1.171
TNS   : -7.016

Type  : Slow 1100mV 0C Model Recovery 'pixel_clk~reg0'
Slack : -0.257
TNS   : -1.498

Type  : Slow 1100mV 0C Model Removal 'pixel_clk~reg0'
Slack : -0.292
TNS   : -1.659

Type  : Slow 1100mV 0C Model Removal 'Hsync~reg0'
Slack : 0.556
TNS   : 0.000

Type  : Slow 1100mV 0C Model Minimum Pulse Width 'clk'
Slack : -0.666
TNS   : -1.204

Type  : Slow 1100mV 0C Model Minimum Pulse Width 'Hsync~reg0'
Slack : -0.538
TNS   : -14.257

Type  : Slow 1100mV 0C Model Minimum Pulse Width 'pixel_clk~reg0'
Slack : -0.538
TNS   : -14.019

Type  : Fast 1100mV 85C Model Setup 'pixel_clk~reg0'
Slack : -1.748
TNS   : -19.121

Type  : Fast 1100mV 85C Model Setup 'Hsync~reg0'
Slack : -1.418
TNS   : -18.624

Type  : Fast 1100mV 85C Model Setup 'clk'
Slack : -0.429
TNS   : -0.429

Type  : Fast 1100mV 85C Model Hold 'clk'
Slack : -0.613
TNS   : -0.613

Type  : Fast 1100mV 85C Model Hold 'pixel_clk~reg0'
Slack : -0.360
TNS   : -0.360

Type  : Fast 1100mV 85C Model Hold 'Hsync~reg0'
Slack : 0.243
TNS   : 0.000

Type  : Fast 1100mV 85C Model Recovery 'Hsync~reg0'
Slack : -0.524
TNS   : -3.143

Type  : Fast 1100mV 85C Model Recovery 'pixel_clk~reg0'
Slack : -0.112
TNS   : -0.653

Type  : Fast 1100mV 85C Model Removal 'pixel_clk~reg0'
Slack : -0.365
TNS   : -2.161

Type  : Fast 1100mV 85C Model Removal 'Hsync~reg0'
Slack : 0.310
TNS   : 0.000

Type  : Fast 1100mV 85C Model Minimum Pulse Width 'clk'
Slack : -0.549
TNS   : -0.746

Type  : Fast 1100mV 85C Model Minimum Pulse Width 'Hsync~reg0'
Slack : 0.102
TNS   : 0.000

Type  : Fast 1100mV 85C Model Minimum Pulse Width 'pixel_clk~reg0'
Slack : 0.134
TNS   : 0.000

Type  : Fast 1100mV 0C Model Setup 'pixel_clk~reg0'
Slack : -1.624
TNS   : -17.613

Type  : Fast 1100mV 0C Model Setup 'Hsync~reg0'
Slack : -1.297
TNS   : -17.032

Type  : Fast 1100mV 0C Model Setup 'clk'
Slack : -0.448
TNS   : -0.448

Type  : Fast 1100mV 0C Model Hold 'clk'
Slack : -0.528
TNS   : -0.528

Type  : Fast 1100mV 0C Model Hold 'pixel_clk~reg0'
Slack : -0.346
TNS   : -0.346

Type  : Fast 1100mV 0C Model Hold 'Hsync~reg0'
Slack : 0.210
TNS   : 0.000

Type  : Fast 1100mV 0C Model Recovery 'Hsync~reg0'
Slack : -0.479
TNS   : -2.869

Type  : Fast 1100mV 0C Model Recovery 'pixel_clk~reg0'
Slack : -0.105
TNS   : -0.616

Type  : Fast 1100mV 0C Model Removal 'pixel_clk~reg0'
Slack : -0.362
TNS   : -2.141

Type  : Fast 1100mV 0C Model Removal 'Hsync~reg0'
Slack : 0.300
TNS   : 0.000

Type  : Fast 1100mV 0C Model Minimum Pulse Width 'clk'
Slack : -0.545
TNS   : -0.747

Type  : Fast 1100mV 0C Model Minimum Pulse Width 'Hsync~reg0'
Slack : 0.114
TNS   : 0.000

Type  : Fast 1100mV 0C Model Minimum Pulse Width 'pixel_clk~reg0'
Slack : 0.136
TNS   : 0.000

------------------------------------------------------------
