------------------------------------------------------------
TimeQuest Timing Analyzer Summary
------------------------------------------------------------

Type  : Slow 1100mV 85C Model Setup 'clk'
Slack : -5.143
TNS   : -76.564

Type  : Slow 1100mV 85C Model Setup 'clk_sys'
Slack : -4.003
TNS   : -67.684

Type  : Slow 1100mV 85C Model Setup 'pressed'
Slack : -1.545
TNS   : -5.173

Type  : Slow 1100mV 85C Model Hold 'clk'
Slack : 0.237
TNS   : 0.000

Type  : Slow 1100mV 85C Model Hold 'clk_sys'
Slack : 0.519
TNS   : 0.000

Type  : Slow 1100mV 85C Model Hold 'pressed'
Slack : 0.673
TNS   : 0.000

Type  : Slow 1100mV 85C Model Minimum Pulse Width 'clk'
Slack : -0.538
TNS   : -14.440

Type  : Slow 1100mV 85C Model Minimum Pulse Width 'clk_sys'
Slack : -0.538
TNS   : -13.091

Type  : Slow 1100mV 85C Model Minimum Pulse Width 'pressed'
Slack : -0.538
TNS   : -3.255

Type  : Slow 1100mV 0C Model Setup 'clk'
Slack : -5.290
TNS   : -78.453

Type  : Slow 1100mV 0C Model Setup 'clk_sys'
Slack : -4.139
TNS   : -70.202

Type  : Slow 1100mV 0C Model Setup 'pressed'
Slack : -1.611
TNS   : -5.322

Type  : Slow 1100mV 0C Model Hold 'clk'
Slack : 0.241
TNS   : 0.000

Type  : Slow 1100mV 0C Model Hold 'clk_sys'
Slack : 0.531
TNS   : 0.000

Type  : Slow 1100mV 0C Model Hold 'pressed'
Slack : 0.657
TNS   : 0.000

Type  : Slow 1100mV 0C Model Minimum Pulse Width 'clk'
Slack : -0.538
TNS   : -14.291

Type  : Slow 1100mV 0C Model Minimum Pulse Width 'clk_sys'
Slack : -0.538
TNS   : -13.473

Type  : Slow 1100mV 0C Model Minimum Pulse Width 'pressed'
Slack : -0.538
TNS   : -3.232

Type  : Fast 1100mV 85C Model Setup 'clk'
Slack : -2.023
TNS   : -30.947

Type  : Fast 1100mV 85C Model Setup 'clk_sys'
Slack : -1.630
TNS   : -23.459

Type  : Fast 1100mV 85C Model Setup 'pressed'
Slack : -0.431
TNS   : -1.306

Type  : Fast 1100mV 85C Model Hold 'clk'
Slack : -0.083
TNS   : -0.253

Type  : Fast 1100mV 85C Model Hold 'clk_sys'
Slack : 0.244
TNS   : 0.000

Type  : Fast 1100mV 85C Model Hold 'pressed'
Slack : 0.298
TNS   : 0.000

Type  : Fast 1100mV 85C Model Minimum Pulse Width 'clk_sys'
Slack : -0.260
TNS   : -1.758

Type  : Fast 1100mV 85C Model Minimum Pulse Width 'clk'
Slack : 0.054
TNS   : 0.000

Type  : Fast 1100mV 85C Model Minimum Pulse Width 'pressed'
Slack : 0.073
TNS   : 0.000

Type  : Fast 1100mV 0C Model Setup 'clk'
Slack : -1.847
TNS   : -28.073

Type  : Fast 1100mV 0C Model Setup 'clk_sys'
Slack : -1.546
TNS   : -21.570

Type  : Fast 1100mV 0C Model Setup 'pressed'
Slack : -0.381
TNS   : -1.108

Type  : Fast 1100mV 0C Model Hold 'clk'
Slack : -0.086
TNS   : -0.315

Type  : Fast 1100mV 0C Model Hold 'clk_sys'
Slack : 0.230
TNS   : 0.000

Type  : Fast 1100mV 0C Model Hold 'pressed'
Slack : 0.268
TNS   : 0.000

Type  : Fast 1100mV 0C Model Minimum Pulse Width 'clk_sys'
Slack : -0.265
TNS   : -1.785

Type  : Fast 1100mV 0C Model Minimum Pulse Width 'clk'
Slack : 0.073
TNS   : 0.000

Type  : Fast 1100mV 0C Model Minimum Pulse Width 'pressed'
Slack : 0.090
TNS   : 0.000

------------------------------------------------------------
