------------------------------------------------------------
TimeQuest Timing Analyzer Summary
------------------------------------------------------------

Type  : Slow 1100mV 85C Model Setup 'clk'
Slack : -6.812
TNS   : -135.903

Type  : Slow 1100mV 85C Model Setup 'clk_sys'
Slack : -3.897
TNS   : -65.771

Type  : Slow 1100mV 85C Model Setup 'pressed'
Slack : -1.200
TNS   : -9.210

Type  : Slow 1100mV 85C Model Hold 'clk'
Slack : 0.408
TNS   : 0.000

Type  : Slow 1100mV 85C Model Hold 'clk_sys'
Slack : 0.440
TNS   : 0.000

Type  : Slow 1100mV 85C Model Hold 'pressed'
Slack : 0.698
TNS   : 0.000

Type  : Slow 1100mV 85C Model Minimum Pulse Width 'clk'
Slack : -0.538
TNS   : -21.420

Type  : Slow 1100mV 85C Model Minimum Pulse Width 'clk_sys'
Slack : -0.538
TNS   : -13.156

Type  : Slow 1100mV 85C Model Minimum Pulse Width 'pressed'
Slack : -0.538
TNS   : -7.716

Type  : Slow 1100mV 0C Model Setup 'clk'
Slack : -6.918
TNS   : -138.049

Type  : Slow 1100mV 0C Model Setup 'clk_sys'
Slack : -4.034
TNS   : -68.229

Type  : Slow 1100mV 0C Model Setup 'pressed'
Slack : -1.234
TNS   : -9.201

Type  : Slow 1100mV 0C Model Hold 'clk'
Slack : 0.359
TNS   : 0.000

Type  : Slow 1100mV 0C Model Hold 'clk_sys'
Slack : 0.451
TNS   : 0.000

Type  : Slow 1100mV 0C Model Hold 'pressed'
Slack : 0.679
TNS   : 0.000

Type  : Slow 1100mV 0C Model Minimum Pulse Width 'clk'
Slack : -0.538
TNS   : -21.369

Type  : Slow 1100mV 0C Model Minimum Pulse Width 'clk_sys'
Slack : -0.538
TNS   : -13.593

Type  : Slow 1100mV 0C Model Minimum Pulse Width 'pressed'
Slack : -0.538
TNS   : -7.594

Type  : Fast 1100mV 85C Model Setup 'clk'
Slack : -2.898
TNS   : -58.055

Type  : Fast 1100mV 85C Model Setup 'clk_sys'
Slack : -1.579
TNS   : -22.363

Type  : Fast 1100mV 85C Model Setup 'pressed'
Slack : -0.426
TNS   : -2.373

Type  : Fast 1100mV 85C Model Hold 'clk'
Slack : 0.003
TNS   : 0.000

Type  : Fast 1100mV 85C Model Hold 'clk_sys'
Slack : 0.200
TNS   : 0.000

Type  : Fast 1100mV 85C Model Hold 'pressed'
Slack : 0.289
TNS   : 0.000

Type  : Fast 1100mV 85C Model Minimum Pulse Width 'clk_sys'
Slack : -0.326
TNS   : -1.798

Type  : Fast 1100mV 85C Model Minimum Pulse Width 'clk'
Slack : -0.010
TNS   : -0.075

Type  : Fast 1100mV 85C Model Minimum Pulse Width 'pressed'
Slack : 0.059
TNS   : 0.000

Type  : Fast 1100mV 0C Model Setup 'clk'
Slack : -2.619
TNS   : -52.367

Type  : Fast 1100mV 0C Model Setup 'clk_sys'
Slack : -1.495
TNS   : -20.426

Type  : Fast 1100mV 0C Model Setup 'pressed'
Slack : -0.327
TNS   : -1.771

Type  : Fast 1100mV 0C Model Hold 'clk'
Slack : -0.016
TNS   : -0.023

Type  : Fast 1100mV 0C Model Hold 'clk_sys'
Slack : 0.187
TNS   : 0.000

Type  : Fast 1100mV 0C Model Hold 'pressed'
Slack : 0.255
TNS   : 0.000

Type  : Fast 1100mV 0C Model Minimum Pulse Width 'clk_sys'
Slack : -0.316
TNS   : -1.826

Type  : Fast 1100mV 0C Model Minimum Pulse Width 'clk'
Slack : 0.020
TNS   : 0.000

Type  : Fast 1100mV 0C Model Minimum Pulse Width 'pressed'
Slack : 0.079
TNS   : 0.000

------------------------------------------------------------
